   Compiling proc-macro2 v1.0.107
   Compiling unicode-ident v1.0.24
   Compiling quote v1.0.47
   Compiling libc v0.2.189
    Checking cfg-if v1.0.4
    Checking smallvec v1.15.2
    Checking pin-project-lite v0.2.17
   Compiling serde_core v1.0.229
    Checking bytes v1.12.1
    Checking stable_deref_trait v1.2.1
   Compiling parking_lot_core v0.9.12
    Checking scopeguard v1.2.0
    Checking memchr v2.8.3
    Checking futures-core v0.3.34
    Checking itoa v1.0.18
    Checking writeable v0.6.4
    Checking futures-sink v0.3.34
    Checking litemap v0.8.3
   Compiling icu_normalizer_data v2.3.0
    Checking lock_api v0.4.14
   Compiling icu_properties_data v2.3.0
    Checking once_cell v1.21.4
   Compiling serde v1.0.229
    Checking utf8_iter v1.0.4
    Checking slab v0.4.12
    Checking percent-encoding v2.3.2
    Checking futures-channel v0.3.34
    Checking equivalent v1.0.2
    Checking hashbrown v0.17.1
   Compiling fnv v1.0.7
   Compiling ident_case v1.0.1
   Compiling strsim v0.11.1
    Checking tracing-core v0.1.36
    Checking futures-io v0.3.34
    Checking futures-task v0.3.34
   Compiling zmij v1.0.23
   Compiling shlex v2.0.1
   Compiling find-msvc-tools v0.1.11
    Checking form_urlencoded v1.2.2
    Checking http v1.5.0
   Compiling serde_json v1.0.151
   Compiling autocfg v1.5.1
   Compiling cc v1.4.4
    Checking base64 v0.22.1
   Compiling getrandom v0.4.3
   Compiling httparse v1.10.1
    Checking zeroize v1.9.0
   Compiling num-traits v0.2.19
    Checking rustls-pki-types v1.15.1
    Checking http-body v1.1.0
    Checking core-foundation-sys v0.8.7
    Checking atomic-waker v1.1.2
    Checking try-lock v0.2.5
    Checking tower-service v0.3.3
   Compiling thiserror v1.0.69
    Checking untrusted v0.9.0
   Compiling anyhow v1.0.104
    Checking want v0.3.1
    Checking iana-time-zone v0.1.65
   Compiling rustls v0.23.43
    Checking httpdate v1.0.3
    Checking aho-corasick v1.1.5
   Compiling ring v0.17.14
    Checking ipnet v2.12.1
    Checking subtle v2.6.1
    Checking regex-syntax v0.8.11
    Checking mime v0.3.17
   Compiling winnow v1.0.4
   Compiling semver v1.0.28
   Compiling rustc_version v0.4.1
    Checking regex-automata v0.4.18
   Compiling toml_parser v1.1.3+spec-1.1.0
   Compiling syn v3.0.3
   Compiling syn v2.0.119
   Compiling indexmap v2.14.0
    Checking sync_wrapper v1.0.2
    Checking tower-layer v0.3.3
   Compiling toml_datetime v1.1.1+spec-1.1.0
    Checking regex v1.13.1
   Compiling toml_edit v0.25.13+spec-1.1.0
    Checking errno v0.3.14
    Checking signal-hook-registry v1.4.8
    Checking parking_lot v0.12.5
    Checking socket2 v0.6.5
    Checking mio v1.2.2
    Checking getrandom v0.2.17
   Compiling rstest_macros v0.26.1
    Checking webpki-roots v1.0.9
    Checking http-body-util v0.1.5
    Checking log v0.4.33
    Checking predicates-core v1.0.10
    Checking ryu v1.0.23
    Checking lazy_static v1.5.0
    Checking bitflags v2.13.1
   Compiling proc-macro-crate v3.5.0
    Checking num_cpus v1.17.0
    Checking termtree v0.5.1
    Checking deadpool-runtime v0.1.4
   Compiling relative-path v1.9.3
    Checking anstyle v1.0.14
   Compiling glob v0.3.4
    Checking predicates v3.1.4
    Checking predicates-tree v1.0.13
    Checking fragile v2.0.1
    Checking futures-timer v3.0.4
    Checking downcast v0.11.0
   Compiling zerovec-derive v0.11.6
   Compiling displaydoc v0.2.7
   Compiling tokio-macros v2.7.2
   Compiling serde_derive v1.0.229
   Compiling futures-macro v0.3.34
   Compiling async-trait v0.1.92
   Compiling synstructure v0.13.2
   Compiling darling_core v0.20.11
    Checking tokio v1.53.1
    Checking futures-util v0.3.34
    Checking uuid v1.24.1
   Compiling zerofrom-derive v0.1.7
   Compiling yoke-derive v0.8.2
   Compiling tracing-attributes v0.1.31
   Compiling thiserror-impl v1.0.69
   Compiling mockall_derive v0.12.1
   Compiling darling_macro v0.20.11
    Checking zerofrom v0.1.8
    Checking tracing v0.1.44
   Compiling darling v0.20.11
    Checking mockall v0.12.1
    Checking futures-executor v0.3.34
    Checking rstest v0.26.1
    Checking futures v0.3.34
    Checking rustls-webpki v0.103.14
    Checking yoke v0.8.3
    Checking tokio-util v0.7.19
    Checking tower v0.5.3
    Checking tokio-stream v0.1.19
    Checking deadpool v0.12.3
    Checking chrono v0.4.45
    Checking serde_urlencoded v0.7.1
    Checking assert-json-diff v2.0.2
    Checking tokio-test v0.4.5
    Checking h2 v0.4.18
   Compiling derive_builder_core v0.20.2
   Compiling serdes-ai-macros v0.2.6 (/Users/acoliver/projects/llxprt/agent/main/llxprt-code-rs/vendor/serdes-ai-macros)
   Compiling derive_builder_macro v0.20.2
    Checking derive_builder v0.20.2
    Checking hyper v1.11.0
    Checking hyper-util v0.1.20
    Checking zerovec v0.11.8
    Checking zerotrie v0.2.5
    Checking tokio-rustls v0.26.4
    Checking hyper-rustls v0.27.9
    Checking tinystr v0.8.4
    Checking potential_utf v0.1.6
    Checking icu_collections v2.3.0
    Checking icu_locale_core v2.3.0
    Checking icu_provider v2.3.1
    Checking icu_properties v2.3.0
    Checking icu_normalizer v2.3.0
    Checking idna_adapter v1.2.2
    Checking idna v1.1.0
    Checking url v2.5.8
    Checking serdes-ai-core v0.2.6 (/Users/acoliver/projects/llxprt/agent/main/llxprt-code-rs/vendor/serdes-ai-core)
    Checking tower-http v0.6.11
    Checking wiremock v0.6.5
    Checking reqwest v0.12.28
    Checking serdes-ai-tools v0.2.6 (/Users/acoliver/projects/llxprt/agent/main/llxprt-code-rs/vendor/serdes-ai-tools)
    Checking serdes-ai-toolsets v0.2.6 (/Users/acoliver/projects/llxprt/agent/main/llxprt-code-rs/vendor/serdes-ai-toolsets)
    Checking serdes-ai-output v0.2.6 (/Users/acoliver/projects/llxprt/agent/main/llxprt-code-rs/vendor/serdes-ai-output)
    Checking serdes-ai-models v0.2.6 (/Users/acoliver/projects/llxprt/agent/main/llxprt-code-rs/vendor/serdes-ai-models)
    Finished `dev` profile [unoptimized + debuginfo] target(s) in 13.51s
