   Compiling proc-macro2 v1.0.107
   Compiling unicode-ident v1.0.24
   Compiling quote v1.0.47
   Compiling libc v0.2.189
    Checking cfg-if v1.0.4
    Checking smallvec v1.15.2
    Checking pin-project-lite v0.2.17
    Checking stable_deref_trait v1.2.1
    Checking bytes v1.12.1
   Compiling parking_lot_core v0.9.12
    Checking memchr v2.8.3
    Checking itoa v1.0.18
    Checking scopeguard v1.2.0
    Checking futures-core v0.3.34
   Compiling serde_core v1.0.229
    Checking writeable v0.6.4
    Checking litemap v0.8.3
   Compiling icu_normalizer_data v2.3.0
   Compiling find-msvc-tools v0.1.11
    Checking lock_api v0.4.14
   Compiling shlex v2.0.1
    Checking once_cell v1.21.4
    Checking futures-sink v0.3.34
    Checking utf8_iter v1.0.4
   Compiling icu_properties_data v2.3.0
    Checking percent-encoding v2.3.2
   Compiling fnv v1.0.7
   Compiling cc v1.4.4
   Compiling strsim v0.11.1
   Compiling serde v1.0.229
   Compiling ident_case v1.0.1
    Checking futures-channel v0.3.34
    Checking slab v0.4.12
    Checking futures-io v0.3.34
    Checking zeroize v1.9.0
    Checking futures-task v0.3.34
    Checking http v1.5.0
    Checking form_urlencoded v1.2.2
   Compiling version_check v0.9.5
   Compiling autocfg v1.5.1
    Checking rustls-pki-types v1.15.1
    Checking untrusted v0.9.0
   Compiling zmij v1.0.23
   Compiling httparse v1.10.1
    Checking tracing-core v0.1.36
   Compiling generic-array v0.14.7
   Compiling rustls v0.23.43
   Compiling num-traits v0.2.19
   Compiling serde_json v1.0.151
   Compiling getrandom v0.4.3
    Checking base64 v0.22.1
    Checking typenum v1.20.1
   Compiling zerocopy v0.8.56
   Compiling getrandom v0.3.4
    Checking subtle v2.6.1
   Compiling anyhow v1.0.104
    Checking core-foundation-sys v0.8.7
   Compiling ring v0.17.14
   Compiling thiserror v1.0.69
    Checking iana-time-zone v0.1.65
   Compiling syn v3.0.3
   Compiling syn v2.0.119
    Checking errno v0.3.14
    Checking signal-hook-registry v1.4.8
    Checking mio v1.2.2
    Checking parking_lot v0.12.5
    Checking socket2 v0.6.5
    Checking getrandom v0.2.17
    Checking http-body v1.1.0
    Checking hashbrown v0.17.1
    Checking equivalent v1.0.2
    Checking tower-service v0.3.3
    Checking mime v0.3.17
    Checking try-lock v0.2.5
    Checking want v0.3.1
    Checking log v0.4.33
   Compiling thiserror v2.0.20
    Checking atomic-waker v1.1.2
    Checking cpufeatures v0.2.17
    Checking indexmap v2.14.0
    Checking webpki-roots v1.0.9
    Checking aho-corasick v1.1.5
    Checking sync_wrapper v1.0.2
    Checking ipnet v2.12.1
   Compiling synstructure v0.13.2
   Compiling darling_core v0.20.11
    Checking regex-syntax v0.8.11
    Checking tower-layer v0.3.3
    Checking data-encoding v2.11.1
    Checking bitflags v2.13.1
    Checking utf-8 v0.7.6
    Checking ryu v1.0.23
    Checking http-body-util v0.1.5
   Compiling zerofrom-derive v0.1.7
   Compiling yoke-derive v0.8.2
   Compiling tracing-attributes v0.1.31
   Compiling thiserror-impl v1.0.69
   Compiling zerovec-derive v0.11.6
   Compiling displaydoc v0.2.7
   Compiling tokio-macros v2.7.2
   Compiling serde_derive v1.0.229
   Compiling futures-macro v0.3.34
    Checking tokio v1.53.1
    Checking uuid v1.24.1
    Checking zerofrom v0.1.8
   Compiling darling_macro v0.20.11
   Compiling async-trait v0.1.92
    Checking tracing v0.1.44
    Checking block-buffer v0.10.4
    Checking crypto-common v0.1.7
    Checking futures-util v0.3.34
   Compiling darling v0.20.11
   Compiling thiserror-impl v2.0.20
    Checking digest v0.10.7
    Checking regex-automata v0.4.18
    Checking sha1 v0.10.7
    Checking rand_core v0.9.5
    Checking regex v1.13.1
    Checking yoke v0.8.3
    Checking rustls-webpki v0.103.14
    Checking ppv-lite86 v0.2.21
    Checking rand_chacha v0.9.0
    Checking rand v0.9.5
   Compiling derive_builder_core v0.20.2
   Compiling serdes-ai-macros v0.2.6 (/Users/acoliver/projects/llxprt/agent/main/llxprt-code-rs/vendor/serdes-ai-macros)
   Compiling derive_builder_macro v0.20.2
    Checking hyper v1.11.0
    Checking tokio-util v0.7.19
    Checking tokio-stream v0.1.19
    Checking derive_builder v0.20.2
    Checking chrono v0.4.45
    Checking serde_urlencoded v0.7.1
    Checking futures-executor v0.3.34
    Checking hyper-util v0.1.20
    Checking tower v0.5.3
    Checking futures v0.3.34
    Checking zerovec v0.11.8
    Checking zerotrie v0.2.5
    Checking tokio-rustls v0.26.4
    Checking tungstenite v0.28.0
    Checking hyper-rustls v0.27.9
    Checking tokio-tungstenite v0.28.0
    Checking tinystr v0.8.4
    Checking potential_utf v0.1.6
    Checking icu_collections v2.3.0
    Checking icu_locale_core v2.3.0
    Checking icu_provider v2.3.1
    Checking icu_normalizer v2.3.0
    Checking icu_properties v2.3.0
    Checking idna_adapter v1.2.2
    Checking idna v1.1.0
    Checking url v2.5.8
    Checking serdes-ai-core v0.2.6 (/Users/acoliver/projects/llxprt/agent/main/llxprt-code-rs/vendor/serdes-ai-core)
    Checking tower-http v0.6.11
    Checking reqwest v0.12.28
    Checking serdes-ai-tools v0.2.6 (/Users/acoliver/projects/llxprt/agent/main/llxprt-code-rs/vendor/serdes-ai-tools)
    Checking serdes-ai-streaming v0.2.6 (/Users/acoliver/projects/llxprt/agent/main/llxprt-code-rs/vendor/serdes-ai-streaming)
    Checking serdes-ai-toolsets v0.2.6 (/Users/acoliver/projects/llxprt/agent/main/llxprt-code-rs/vendor/serdes-ai-toolsets)
    Checking serdes-ai-output v0.2.6 (/Users/acoliver/projects/llxprt/agent/main/llxprt-code-rs/vendor/serdes-ai-output)
    Checking serdes-ai-models v0.2.6 (/Users/acoliver/projects/llxprt/agent/main/llxprt-code-rs/vendor/serdes-ai-models)
    Checking serdes-ai-responses v0.3.0 (/Users/acoliver/projects/llxprt/agent/main/llxprt-code-rs/vendor/serdes-ai-responses)
error: this expression creates a reference which is immediately dereferenced by the compiler
   --> src/client/mod.rs:738:13
    |
738 |             &terminal_id.as_deref().unwrap_or(""),
    |             ^^^^^^^^^^^^^^^^^^^^^^^^^^^^^^^^^^^^^ help: change this to: `terminal_id.as_deref().unwrap_or("")`
    |
    = help: for further information visit https://rust-lang.github.io/rust-clippy/rust-1.98.0/index.html#needless_borrow
    = note: `-D clippy::needless-borrow` implied by `-D warnings`
    = help: to override `-D warnings` add `#[allow(clippy::needless_borrow)]`

error: could not compile `serdes-ai-responses` (lib) due to 1 previous error
warning: build failed, waiting for other jobs to finish...
error: could not compile `serdes-ai-responses` (lib test) due to 1 previous error
